[2026-10-04 17:40:24] user_id=5286641259 (Михаил Машков @mnmashkov) USER: Расскажи случайный факт о собаках
[2026-10-04 17:40:34] user_id=5286641259 (Михаил Машков @mnmashkov) BOT: Вот интересный факт о собаках: у них нет аппендикса! Если у тебя есть еще вопросы о собаках или что-то другое, дай знать!
[2026-10-04 17:41:13] user_id=5286641259 (Михаил Машков @mnmashkov) USER: Покажи случайную картинку собаки и опиши породу с краткой предысторией
[2026-10-04 17:41:32] user_id=5286641259 (Михаил Машков @mnmashkov) BOT: Вот случайная картинка собаки:

![Уэльский корги](https://images.dog.ceo/breeds/corgi-cardigan/n02113186_4760.jpg)

### Описание породы: Уэльский корги (пемброк или кардиган)

**Внешние признаки:** У корги короткие ноги, компактное тело, стоячие уши и характерная мордочка с выраженной улыбкой. Окрас может варьироваться, но часто встречается рыжий с белыми отметинами.

**Краткая предыстория:** Корги происходят из Уэльса и были выведены для пастушьей работы. Пемброк корги, в частности, использовались для управления скотом, а кардиган корги — для охраны и охоты. Эти собаки известны своей энергией и умом.

**Характер:** Корги дружелюбные, умные и активные. Они подходят для семей с детьми и могут быть хорошими компаньонами для активных людей. Однако требуют регулярной физической активности и умственной стимуляции.

Если у тебя есть еще вопросы или что-то другое, дай знать!
[2026-10-04 17:41:32] user_id=5286641259 (Михаил Машков @mnmashkov) BOT: [photo] https://images.dog.ceo/breeds/corgi-cardigan/n02113186_4760.jpg
[2026-10-04 17:44:57] user_id=5286641259 (Михаил Машков @mnmashkov) USER: Я люблю астрономию
[2026-10-04 17:45:05] user_id=5286641259 (Михаил Машков @mnmashkov) BOT: Здорово! Астрономия — это fascinирующая тема. Есть ли у тебя любимые аспекты астрономии, например, планеты, звезды, черные дыры или что-то другое? Или, может быть, у тебя есть вопросы или темы, которые ты хотел бы обсудить?
[2026-10-04 17:52:04] user_id=5286641259 (Михаил Машков @mnmashkov) USER: Я люблю астрономию
[2026-10-04 17:52:16] user_id=5286641259 (Михаил Машков @mnmashkov) BOT: Здорово! Астрономия действительно увлекательная тема. Есть ли у тебя любимые аспекты астрономии, например, планеты, звезды, черные дыры или что-то другое? Или, может быть, у тебя есть вопросы или темы, которые ты хотел бы обсудить?
[2026-10-04 17:52:38] user_id=5286641259 (Михаил Машков @mnmashkov) USER: Расскажи мне про Сатурн
[2026-10-04 17:52:47] user_id=5286641259 (Михаил Машков @mnmashkov) BOT: Сатурн — это шестая планета от Солнца и вторая по величине в Солнечной системе после Юпитера. Он известен своими великолепными кольцами, которые состоят из ледяных и каменных частиц. Эти кольца делают Сатурн одним из самых узнаваемых объектов на ночном небе.

Сатурн — газовый гигант, и его атмосфера состоит в основном из водорода и гелия. У планеты есть более 80 известных спутников, среди которых самый крупный — Титан, который больше планеты Меркурий и имеет плотную атмосферу.

Сатурн вращается вокруг своей оси очень быстро, что приводит к его сплюснутой форме — экваториальный радиус больше, чем полярный. Интересно, что Сатурн имеет очень низкую плотность, и теоретически он мог бы плавать в воде, если бы нашлась достаточно большая чаша!

Если у тебя есть еще вопросы о Сатурне или других аспектах астрономии, дай знать!
[2026-10-04 17:53:38] user_id=5286641259 (Михаил Машков @mnmashkov) USER: сколько колец у сатурна
[2026-10-04 17:53:47] user_id=5286641259 (Михаил Машков @mnmashkov) BOT: У Сатурна есть несколько колец, которые традиционно делят на основные группы. Основные кольца обозначаются буквами от A до G, и их количество может варьироваться в зависимости от того, как мы определяем кольца. Наиболее известные из них:

1. Кольцо A — самое внешнее и яркое.
2. Кольцо B — второе по яркости и ширине.
3. Кольцо C — более тусклое и находится ближе к планете.

Кроме этих основных колец, есть и другие, менее заметные кольца, такие как D, E, F и G. В общей сложности можно говорить о более чем 7 кольцах, но основными считаются три — A, B и C. Если у тебя есть еще вопросы о кольцах или других аспектах Сатурна, дай знать!
[2026-10-04 17:56:57] user_id=5286641259 (Михаил Машков @mnmashkov) USER: Что можно подарить себе на новый год?
[2026-10-04 17:57:07] user_id=5286641259 (Михаил Машков @mnmashkov) BOT: Выбор подарка себе на Новый год зависит от твоих интересов и предпочтений. Вот несколько идей:

1. **Книги** — если ты любишь читать, выбери интересную книгу по астрономии или другую тему, которая тебя увлекает.
2. **Техника** — новый гаджет, например, наушники, смартфон или планшет, может стать отличным подарком.
3. **Хобби** — материалы для творчества, например, набор для рисования, или что-то для любимого занятия, например, телескоп для наблюдения за звездами.
4. **Одежда или аксессуары** — новый свитер, шарф или стильные часы могут стать приятным дополнением к твоему гардеробу.
5. **Путешествие** — если у тебя есть возможность, запланируй небольшую поездку или выходные в новом месте.
6. **Спа-процедуры** — подарочный сертификат на массаж или спа-процедуры поможет расслабиться и восстановить силы.

Что-то из этого списка привлекает тебя?
[2026-10-04 17:57:40] user_id=5286641259 (Михаил Машков @mnmashkov) USER: А исходя из того что ты обо мне знаешь?
[2026-10-04 17:57:48] user_id=5286641259 (Михаил Машков @mnmashkov) BOT: Исходя из того, что ты любишь астрономию, вот несколько идей подарков, которые могут тебе подойти:

1. **Телескоп** — это отличный способ углубить свои знания о космосе и наблюдать за звездами и планетами.
2. **Книги по астрономии** — выбери что-то новое о космосе, например, о последних открытиях или о планетах.
3. **Модель солнечной системы** — интересный и образовательный подарок, который можно использовать как декор.
4. **Постеры или карты звездного неба** — красивые изображения, которые можно повесить на стену и вдохновляться ими.
5. **Астрономические приложения** — подписка на платное приложение для наблюдения за звездами, которое поможет тебе лучше ориентироваться в ночном небе.

Какой из этих вариантов тебе кажется наиболее привлекательным?
[2026-10-04 18:27:24] user_id=5286641259 (Михаил Машков @mnmashkov) USER: А еще я люблю щенков. Расскажи какой-нибудь занимательный факт о них
[2026-10-04 18:27:37] user_id=5286641259 (Михаил Машков @mnmashkov) BOT: Вот занимательный факт о собаках: имя собаки на коробке с закусками Cracker Jacks — Бинго. Если у тебя есть еще вопросы о собаках или что-то другое, дай знать!
[2026-10-04 18:29:08] user_id=5286641259 (Михаил Машков @mnmashkov) USER: можешь показать мне изображение коробки с закусками Cracker Jacks. Никогда ее не видел
[2026-10-04 18:29:17] user_id=5286641259 (Михаил Машков @mnmashkov) BOT: К сожалению, я не могу показать изображение коробки с закусками Cracker Jacks, но могу рассказать о ней! Cracker Jacks — это популярные сладкие закуски из кукурузных хлопьев, которые были впервые выпущены в 1896 году. Они обычно содержат карамелизированные орехи и попкорн, а также сюрприз внутри упаковки, который делает их особенно привлекательными для детей.

На коробке часто изображены веселые персонажи и яркие цвета. Если ты хочешь увидеть изображение, ты можешь найти его в интернете, просто введя "Cracker Jacks" в поисковой системе. Если у тебя есть другие вопросы или интересы, дай знать!
[2026-10-04 18:39:19] user_id=5286641259 (Михаил Машков @mnmashkov) USER: Покажи случайную картинку собаки и опиши породу с краткой предысторией
[2026-10-04 18:39:37] user_id=5286641259 (Михаил Машков @mnmashkov) BOT: Вот случайная картинка собаки: ![Шнауцер](https://images.dog.ceo/breeds/schnauzer-giant/n02097130_3872.jpg)

### Описание породы: Шнауцер

**Внешние признаки:** У шнауцера характерная борода и усы, а также прямые уши и крепкое телосложение. Шерсть густая и жесткая, что также указывает на эту породу.

**Краткая предыстория:** Шнауцеры происходят из Германии и были выведены для охоты на вредителей и защиты. Существует три размера: миниатюрный, стандартный и гигантский. Шнауцеры известны своей умной и преданной натурой.

**Характер:** Шнауцеры обычно активные, умные и дружелюбные. Они хорошо подходят для семей с детьми и людям, которые ведут активный образ жизни.

Если у тебя есть еще вопросы о собаках или что-то другое, дай знать!
[2026-10-04 18:39:37] user_id=5286641259 (Михаил Машков @mnmashkov) BOT: [photo] https://images.dog.ceo/breeds/schnauzer-giant/n02097130_3872.jpg
[2026-10-04 18:41:19] user_id=5286641259 (Михаил Машков @mnmashkov) USER: Отлично, но мне больше нравятся самоеды
[2026-10-04 18:41:28] user_id=5286641259 (Михаил Машков @mnmashkov) BOT: Самоеды — это действительно замечательная порода! Они известны своей дружелюбной и игривой натурой, а также характерной белоснежной шерстью и улыбкой, которая делает их особенно привлекательными. 

### Описание породы: Самоед

**Внешние признаки:** Самоеды имеют густую, белую шерсть, которая защищает их от холода. У них крепкое телосложение, стоячие уши и выразительные глаза, которые придают им дружелюбный вид.

**Краткая предыстория:** Эта порода происходит из Сибири, где самоеды использовались коренными народами для охоты, охраны и в качестве ездовых собак. Их способность работать в суровых условиях и дружелюбный характер сделали их популярными как среди местных жителей, так и среди любителей собак по всему миру.

**Характер:** Самоеды очень дружелюбные, активные и умные. Они любят проводить время с людьми и отлично ладят с детьми. Эти собаки требуют много физической активности и умственной стимуляции, поэтому они идеально подходят для активных семей.

Если ты хочешь узнать больше о самоедах или других породах, дай знать!
[2026-10-04 18:59:58] user_id=5286641259 (Михаил Машков @mnmashkov) USER: Какая погода в Кемерово
[2026-10-04 19:00:17] user_id=5286641259 (Михаил Машков @mnmashkov) BOT: В Кемерово сейчас пасмурно. Температура воздуха составляет 14.8°C, но ощущается как 13.2°C. Влажность на уровне 68%, а ветер дует со скоростью 2.41 м/с. 

Фото города будет отправлено отдельным сообщением. Если у тебя есть еще вопросы или нужна дополнительная информация, дай знать!
[2026-10-04 19:00:17] user_id=5286641259 (Михаил Машков @mnmashkov) BOT: [photo] https://upload.wikimedia.org/wikipedia/commons/d/de/%D0%9A%D0%B5%D0%BC%D0%B5%D1%80%D0%BE%D0%B2%D0%BE2021.jpg
[2026-10-04 19:16:15] user_id=5286641259 (Михаил Машков @mnmashkov) USER: Пользователь хочет узнать погоду. Город не указан — спроси, в каком городе показать погоду и фото.
[2026-10-04 19:16:23] user_id=5286641259 (Михаил Машков @mnmashkov) BOT: В каком городе ты хотел бы узнать погоду и увидеть фото?
[2026-10-04 19:16:36] user_id=5286641259 (Михаил Машков @mnmashkov) USER: Мариинск
[2026-10-04 19:16:48] user_id=5286641259 (Михаил Машков @mnmashkov) BOT: В Мариинске сейчас лёгкая морось. Температура воздуха составляет 13.1°C, но ощущается как 11.1°C. Влажность на уровне 69%, а ветер дует со скоростью 2.55 м/с. 

Фото города будет отправлено отдельным сообщением. Если у тебя есть ещё вопросы или нужна дополнительная информация, дай знать!
[2026-10-04 19:16:48] user_id=5286641259 (Михаил Машков @mnmashkov) BOT: [photo] https://upload.wikimedia.org/wikipedia/commons/6/6b/Mariinsk.jpg
[2026-10-04 19:17:23] user_id=5286641259 (Михаил Машков @mnmashkov) USER: Что ты можешь рассказать о выхухоли?
[2026-10-04 19:17:32] user_id=5286641259 (Михаил Машков @mnmashkov) BOT: Выхухоль — это небольшое млекопитающее, относящееся к семейству выхухолевых. Она обитает в водоемах и болотах, предпочитая места с густой растительностью. Выхухоли имеют характерный внешний вид: у них длинное тело, короткие ноги и плоская мордочка. Эти животные прекрасно плавают и ныряют, что помогает им находить пищу, состоящую в основном из водных беспозвоночных.

Интересный факт: выхухоли — единственные представители своего семейства и являются редкими животными, находящимися под угрозой исчезновения. Они ведут ночной образ жизни и строят свои норы на берегах водоемов. 

Если у тебя есть еще вопросы или ты хочешь узнать больше о других животных, дай знать!
