[2026-10-04 00:04:47] user_id=5286641259 (Михаил Машков @mnmashkov) USER: /start
[2026-10-04 00:04:57] user_id=5286641259 (Михаил Машков @mnmashkov) BOT: Привет, Михаил Машков! Я персональный помощник.

Пишите мне как обычно — я отвечу и запомню важное о вас в долговременной памяти.

Команды:
/help — справка
/memory — что я о вас помню
/forget — очистить память
/reset — сбросить короткий диалог
[2026-10-04 00:17:48] user_id=5286641259 (Михаил Машков @mnmashkov) USER: Зачем люди хотят лететь на Марс?
[2026-10-04 00:17:56] user_id=5286641259 (Михаил Машков @mnmashkov) BOT: Люди хотят лететь на Марс для исследования, поиска жизни, освоения новых ресурсов и расширения горизонтов человечества. Это также шаг к колонизации других планет.
[2026-10-04 00:19:19] user_id=5286641259 (Михаил Машков @mnmashkov) USER: Расскажи о себе что ты можешь?
[2026-10-04 00:19:26] user_id=5286641259 (Михаил Машков @mnmashkov) BOT: Я — твой персональный помощник в Telegram. Могу отвечать на вопросы, давать советы, помогать с планированием и предоставлять информацию по различным темам. Как я могу помочь тебе сегодня?
[2026-10-04 00:20:00] user_id=5286641259 (Михаил Машков @mnmashkov) USER: Запланируй на завтра встречу на 14.00
[2026-10-04 00:20:08] user_id=5286641259 (Михаил Машков @mnmashkov) BOT: К сожалению, я не могу напрямую запланировать встречи в календаре. Могу напомнить тебе об этом или помочь с чем-то другим. Как именно ты хочешь, чтобы я помог?
[2026-10-04 00:21:02] user_id=5286641259 (Михаил Машков @mnmashkov) USER: Напомни сам, без календаря за час до события
[2026-10-04 00:21:07] user_id=5286641259 (Михаил Машков @mnmashkov) BOT: Хорошо, напомню тебе о встрече на завтра в 13:00. Если что-то изменится, дай знать!
[2026-10-04 00:29:39] user_id=5286641259 (Михаил Машков @mnmashkov) USER: Я тобой пользуюсь впервые, что можешь рассказать?
[2026-10-04 00:30:20] user_id=5286641259 (Михаил Машков @mnmashkov) BOT: Я могу помочь с планированием задач, напоминаниями, поиском информации и ответами на вопросы. Если у тебя есть что-то конкретное, с чем нужна помощь, просто дай знать!
[2026-10-04 00:32:37] user_id=5286641259 (Михаил Машков @mnmashkov) USER: Подскажи есть ли у меня запланированные встречи на завтра
[2026-10-04 00:32:45] user_id=5286641259 (Михаил Машков @mnmashkov) BOT: У тебя запланирована встреча на завтра в 14:00.
[2026-10-04 00:35:42] user_id=5286641259 (Михаил Машков @mnmashkov) USER: Напомни, что ты мне отвечал в предыдущих пяти сообщениях
[2026-10-04 00:35:53] user_id=5286641259 (Михаил Машков @mnmashkov) BOT: Извини, я не могу показать предыдущие сообщения. Но могу помочь с любым вопросом или напомнить о чем-то конкретном!
[2026-10-04 00:38:02] user_id=5286641259 (Михаил Машков @mnmashkov) USER: Что надо чтобы полететь на Луну?
[2026-10-04 00:38:11] user_id=5286641259 (Михаил Машков @mnmashkov) BOT: Чтобы полететь на Луну, нужны: 

1. Космический корабль, способный преодолеть земное притяжение.
2. Ракетное топливо.
3. Экипаж или автоматические системы.
4. Подготовка и планирование миссии.

Если интересуют детали, дай знать!
[2026-10-04 00:38:49] user_id=5286641259 (Михаил Машков @mnmashkov) USER: Что из космических кораблей посоветуешь?
[2026-10-04 00:38:59] user_id=5286641259 (Михаил Машков @mnmashkov) BOT: Для полета на Луну подойдут:

1. **Apollo** — классический корабль для миссий к Луне.
2. **Orion** — современный корабль NASA для глубококосмических миссий.
3. **SpaceX Starship** — многоразовый корабль, разрабатываемый для миссий на Луну и Марс.

Какой аспект тебя интересует больше: характеристики, стоимость или что-то другое?
[2026-10-04 00:40:30] user_id=5286641259 (Михаил Машков @mnmashkov) USER: Характеристики и стоимость, и есть ли не американские аналоги?
[2026-10-04 00:40:43] user_id=5286641259 (Михаил Машков @mnmashkov) BOT: **Apollo**: 
- Характеристики: 3 модуля (командный, лунный, сервисный), 3 человека в экипаже, максимальная масса около 30 тонн.
- Стоимость: около 25 миллиардов долларов (по современным ценам).

**Orion**: 
- Характеристики: 4-6 человек в экипаже, максимальная масса около 26 тонн, предназначен для глубококосмических миссий.
- Стоимость: около 1 миллиарда долларов за запуск.

**SpaceX Starship**: 
- Характеристики: многоразовый, до 100 человек в экипаже, максимальная масса около 120 тонн.
- Стоимость: предполагается около 2-10 миллионов долларов за запуск.

Неамериканские аналоги:
1. **Союз** (Россия) — для доставки на МКС, но не предназначен для Луны.
2. **Луноходы** (Китай) — для беспилотных миссий, но не для человека.

Если нужны более подробные данные, дай знать!
[2026-10-04 00:41:53] user_id=5286641259 (Михаил Машков @mnmashkov) USER: SpaceX Starship подходит, где его можно купить?
[2026-10-04 00:42:03] user_id=5286641259 (Михаил Машков @mnmashkov) BOT: SpaceX Starship не продается как товар. Это космический корабль, разрабатываемый компанией SpaceX для своих собственных миссий. Если ты заинтересован в полете на Starship, нужно следить за анонсами компании и возможными запусками для коммерческих миссий.
[2026-10-04 00:46:26] user_id=5286641259 (Михаил Машков @mnmashkov) USER: Жаль
[2026-10-04 00:46:34] user_id=5286641259 (Михаил Машков @mnmashkov) BOT: Понимаю, это действительно жаль. Если есть другие вопросы или интересы в космосе, дай знать!
[2026-10-04 00:47:43] user_id=5286641259 (Михаил Машков @mnmashkov) USER: Расскажи о том, что ты мне писал в последних трех сообщениях
[2026-10-04 00:47:52] user_id=5286641259 (Михаил Машков @mnmashkov) BOT: Извини, я не могу показать предыдущие сообщения. Но могу помочь с любым вопросом или напомнить о чем-то конкретном!
[2026-10-04 00:50:37] user_id=5286641259 (Михаил Машков @mnmashkov) USER: Что надо чтобы полететь на Шри-Ланку?
[2026-10-04 00:50:47] user_id=5286641259 (Михаил Машков @mnmashkov) BOT: Чтобы полететь на Шри-Ланку, нужны:

1. Заграничный паспорт.
2. Виза (можно получить онлайн).
3. Билеты на самолет.
4. Медицинская страховка (рекомендуется).
5. Подготовка к поездке (например, вакцинации, если требуются).

Если нужны подробности по какому-то пункту, дай знать!
[2026-10-04 00:52:14] user_id=5286641259 (Михаил Машков @mnmashkov) USER: С какими странами у Шри-Ланки безвиз?
[2026-10-04 00:52:23] user_id=5286641259 (Михаил Машков @mnmashkov) BOT: Шри-Ланка имеет безвизовый режим с несколькими странами, включая:

1. Индию
2. Непал
3. Мальдивы
4. Сингапур
5. Японию

Список может меняться, поэтому лучше проверить актуальную информацию перед поездкой. Если нужны подробности по конкретной стране, дай знать!
[2026-10-04 00:56:04] user_id=5286641259 (Михаил Машков @mnmashkov) USER: Подскажи каким образом можно добраться до столицы Словении?
[2026-10-04 00:56:13] user_id=5286641259 (Михаил Машков @mnmashkov) BOT: Чтобы добраться до столицы Словении, Любляны, можно использовать:

1. **Самолет**: Прямые рейсы в аэропорт Любляны из крупных городов Европы.
2. **Поезд**: Железнодорожное сообщение с соседними странами, такими как Австрия и Италия.
3. **Автобус**: Регулярные маршруты из соседних стран и городов.
4. **Автомобиль**: Можно доехать на машине, следуя по автодорогам.

Если нужны детали по какому-то способу, дай знать!
[2026-10-04 00:56:33] user_id=5286641259 (Михаил Машков @mnmashkov) USER: Подскажи каким образом можно добраться до столицы Словакии?
[2026-10-04 00:57:17] user_id=5286641259 (Михаил Машков @mnmashkov) USER: Подскажи каким образом можно добраться до столицы Словакии?
[2026-10-04 00:57:27] user_id=5286641259 (Михаил Машков @mnmashkov) BOT: Чтобы добраться до столицы Словакии, Братиславы, можно использовать:

1. **Самолет**: Прямые рейсы в аэропорт Братиславы из крупных городов Европы.
2. **Поезд**: Железнодорожное сообщение с соседними странами, такими как Австрия и Чехия.
3. **Автобус**: Регулярные маршруты из соседних стран и городов.
4. **Автомобиль**: Можно доехать на машине, следуя по автодорогам.

Если нужны подробности по какому-то способу, дай знать!
[2026-10-04 01:01:15] user_id=5286641259 (Михаил Машков @mnmashkov) USER: /memory
[2026-10-04 01:01:18] user_id=5286641259 (Михаил Машков @mnmashkov) BOT: Вот что я о вас помню:

• Имя пользователя в Telegram: Михаил Машков
• Telegram username: @mnmashkov
• Извини, я не могу показать предыдущие сообщения. Но могу помочь с любым вопросом или напомнить о чем-то конкретном!
• Я тобой пользуюсь впервые, что можешь рассказать?
• Расскажи о том, что ты мне писал в последних трех сообщениях
• Понимаю, это действительно жаль. Если есть другие вопросы или интересы в космосе, дай знать!
• Подскажи есть ли у меня запланированные встречи на завтра
• Жаль
• Напомни, что ты мне отвечал в предыдущих пяти сообщениях
• Чтобы добраться до столицы Словении, Любляны, можно использовать:

1. **Самолет**: Прямые рейсы в аэропорт Любляны из крупных городов Европы.
2. **Поезд**: Железнодорожное сообщение с соседними странами, такими как Австрия и Италия.
3. **Автобус**: Регулярные маршруты из соседних стран и городов.
4. **Автомобиль**: Можно доехать на машине, следуя по автодорогам.

Если нужны детали по какому-то способу, дай знать!
• Запланируй на завтра встречу на 14.00
• Для полета на Луну подойдут:

1. **Apollo** — классический корабль для миссий к Луне.
2. **Orion** — современный корабль NASA для глубококосмических миссий.
3. **SpaceX Starship** — многоразовый корабль, разрабатываемый для миссий на Луну и Марс.

Какой аспект тебя интересует больше: характеристики, стоимость или что-то другое?
• Чтобы полететь на Луну, нужны: 

1. Космический корабль, способный преодолеть земное притяжение.
2. Ракетное топливо.
3. Экипаж или автоматические системы.
4. Подготовка и планирование миссии.

Если интересуют детали, дай знать!
• Подскажи каким образом можно добраться до столицы Словении?
• Чтобы добраться до столицы Словакии, Братиславы, можно использовать:

1. **Самолет**: Прямые рейсы в аэропорт Братиславы из крупных городов Европы.
2. **Поезд**: Железнодорожное сообщение с соседними странами, такими как Австрия и Чехия.
3. **Автобус**: Регулярные маршруты из соседних стран и городов.
4. **Автомобиль**: Можно доехать на машине, следуя по автодорогам.

Если нужны подробности по какому-то способу, дай знать!
• Что надо чтобы полететь на Шри-Ланку?
• Что из космических кораблей посоветуешь?
• Что надо чтобы полететь на Луну?
• Подскажи каким образом можно добраться до столицы Словакии?
• SpaceX Starship не продается как товар. Это космический корабль, разрабатываемый компанией SpaceX для своих собственных миссий. Если ты заинтересован в полете на Starship, нужно следить за анонсами компании и возможными запусками для коммерческих миссий.
